// Jest Snapshot v1, https://goo.gl/fbAQLP

exports[`ListBook renders booklist 1`] = `
<div
  className="bookshelf-books"
>
  <ol
    className="books-grid"
  >
    <li>
      <div
        className="book"
      >
        <div
          className="book-top"
        >
          <div
            className="book-cover"
            data-teste="imageLinks"
            style={
              Object {
                "backgroundImage": "url(http://books.google.com/books/content?id=PGR2AwAAQBAJ&printsec=frontcover&img=1&zoom=1&imgtk=AFLRE73-GnPVEyb7MOCxDzOYF1PTQRuf6nCss9LMNOSWBpxBrz8Pm2_mFtWMMg_Y1dx92HT7cUoQBeSWjs3oEztBVhUeDFQX6-tWlWz1-feexS0mlJPjotcwFqAg6hBYDXuK_bkyHD-y&source=gbs_api)",
                "height": 192,
                "width": 128,
              }
            }
          />
          <div
            className="book-shelf-changer"
          >
            <select>
              <option
                disabled={true}
                value="none"
              >
                Move to...
              </option>
              <option
                value="currentlyReading"
              >
                Currently Reading
              </option>
              <option
                value="wantToRead"
              >
                Want to Read
              </option>
              <option
                value="read"
              >
                Read
              </option>
              <option
                value="none"
              >
                None
              </option>
            </select>
          </div>
        </div>
        <div
          className="book-title"
          data-teste="title"
        >
          To Kill a Mockingbird
        </div>
        <div
          className="book-authors"
          data-teste="authors"
        >
          Harper Lee
        </div>
      </div>
    </li>
    <li>
      <div
        className="book"
      >
        <div
          className="book-top"
        >
          <div
            className="book-cover"
            data-teste="imageLinks"
            style={
              Object {
                "backgroundImage": "url(http://books.google.com/books/content?id=yDtCuFHXbAYC&printsec=frontcover&img=1&zoom=1&imgtk=AFLRE72RRiTR6U5OUg3IY_LpHTL2NztVWAuZYNFE8dUuC0VlYabeyegLzpAnDPeWxE6RHi0C2ehrR9Gv20LH2dtjpbcUcs8YnH5VCCAH0Y2ICaKOTvrZTCObQbsfp4UbDqQyGISCZfGN&source=gbs_api)",
                "height": 192,
                "width": 128,
              }
            }
          />
          <div
            className="book-shelf-changer"
          >
            <select>
              <option
                disabled={true}
                value="none"
              >
                Move to...
              </option>
              <option
                value="currentlyReading"
              >
                Currently Reading
              </option>
              <option
                value="wantToRead"
              >
                Want to Read
              </option>
              <option
                value="read"
              >
                Read
              </option>
              <option
                value="none"
              >
                None
              </option>
            </select>
          </div>
        </div>
        <div
          className="book-title"
          data-teste="title"
        >
          Enders Game
        </div>
        <div
          className="book-authors"
          data-teste="authors"
        >
          Orson Scott Card
        </div>
      </div>
    </li>
  </ol>
</div>
`;
