// Jest Snapshot v1, https://goo.gl/fbAQLP

exports[`SearchBook renders SearchBook 1`] = `null`;
